2026-07-15T12:23:21.259Z\nundefined\n\n2026-07-15T12:23:45.313Z\n\n\n"Images only!"\n\n2026-07-15T12:24:00.370Z\n\n\n"Images only!"\n\n2026-07-17T06:56:06.660Z\n\n\n"Images and PDFs only!"\n\n2026-07-17T06:56:36.743Z\n\n\n"Images and PDFs only!"\n\n2026-07-17T07:02:00.049Z\n\n\n"Images and PDFs only!"\n\n2026-07-17T07:02:33.136Z\n\n\n"Images and PDFs only!"\n\n2026-07-20T07:51:50.077Z\nPrismaClientUnknownRequestError: 
Invalid `prisma.supplier.findMany()` invocation in
C:\Users\ijocr\Documents\B2B_supplier_portal\B2B-supplier-backend\src\controllers\dashboard.controller.js:60:67

  57   })
  58 ]);
  59 
→ 60 const supplierBreakdown = !isSupplier ? await prisma.supplier.findMany(
Unknown nested field 'purchaseOrders' for operation findManySupplier does not match any query.
    at In.handleRequestError (C:\Users\ijocr\Documents\B2B_supplier_portal\B2B-supplier-backend\node_modules\@prisma\client\runtime\library.js:123:7044)
    at In.handleAndLogRequestError (C:\Users\ijocr\Documents\B2B_supplier_portal\B2B-supplier-backend\node_modules\@prisma\client\runtime\library.js:123:6188)
    at In.request (C:\Users\ijocr\Documents\B2B_supplier_portal\B2B-supplier-backend\node_modules\@prisma\client\runtime\library.js:123:5896)
    at async l (C:\Users\ijocr\Documents\B2B_supplier_portal\B2B-supplier-backend\node_modules\@prisma\client\runtime\library.js:128:10871)
    at async exports.getStats (C:\Users\ijocr\Documents\B2B_supplier_portal\B2B-supplier-backend\src\controllers\dashboard.controller.js:60:45)\n
Invalid `prisma.supplier.findMany()` invocation in
C:\Users\ijocr\Documents\B2B_supplier_portal\B2B-supplier-backend\src\controllers\dashboard.controller.js:60:67

  57   })
  58 ]);
  59 
→ 60 const supplierBreakdown = !isSupplier ? await prisma.supplier.findMany(
Unknown nested field 'purchaseOrders' for operation findManySupplier does not match any query.\n{"name":"PrismaClientUnknownRequestError","clientVersion":"5.10.0"}\n\n2026-07-20T07:51:52.269Z\nPrismaClientUnknownRequestError: 
Invalid `prisma.supplier.findMany()` invocation in
C:\Users\ijocr\Documents\B2B_supplier_portal\B2B-supplier-backend\src\controllers\dashboard.controller.js:60:67

  57   })
  58 ]);
  59 
→ 60 const supplierBreakdown = !isSupplier ? await prisma.supplier.findMany(
Unknown nested field 'purchaseOrders' for operation findManySupplier does not match any query.
    at In.handleRequestError (C:\Users\ijocr\Documents\B2B_supplier_portal\B2B-supplier-backend\node_modules\@prisma\client\runtime\library.js:123:7044)
    at In.handleAndLogRequestError (C:\Users\ijocr\Documents\B2B_supplier_portal\B2B-supplier-backend\node_modules\@prisma\client\runtime\library.js:123:6188)
    at In.request (C:\Users\ijocr\Documents\B2B_supplier_portal\B2B-supplier-backend\node_modules\@prisma\client\runtime\library.js:123:5896)
    at async l (C:\Users\ijocr\Documents\B2B_supplier_portal\B2B-supplier-backend\node_modules\@prisma\client\runtime\library.js:128:10871)
    at async exports.getStats (C:\Users\ijocr\Documents\B2B_supplier_portal\B2B-supplier-backend\src\controllers\dashboard.controller.js:60:45)\n
Invalid `prisma.supplier.findMany()` invocation in
C:\Users\ijocr\Documents\B2B_supplier_portal\B2B-supplier-backend\src\controllers\dashboard.controller.js:60:67

  57   })
  58 ]);
  59 
→ 60 const supplierBreakdown = !isSupplier ? await prisma.supplier.findMany(
Unknown nested field 'purchaseOrders' for operation findManySupplier does not match any query.\n{"name":"PrismaClientUnknownRequestError","clientVersion":"5.10.0"}\n\n2026-07-20T07:51:52.301Z\nPrismaClientUnknownRequestError: 
Invalid `prisma.supplier.findMany()` invocation in
C:\Users\ijocr\Documents\B2B_supplier_portal\B2B-supplier-backend\src\controllers\dashboard.controller.js:60:67

  57   })
  58 ]);
  59 
→ 60 const supplierBreakdown = !isSupplier ? await prisma.supplier.findMany(
Unknown nested field 'purchaseOrders' for operation findManySupplier does not match any query.
    at In.handleRequestError (C:\Users\ijocr\Documents\B2B_supplier_portal\B2B-supplier-backend\node_modules\@prisma\client\runtime\library.js:123:7044)
    at In.handleAndLogRequestError (C:\Users\ijocr\Documents\B2B_supplier_portal\B2B-supplier-backend\node_modules\@prisma\client\runtime\library.js:123:6188)
    at In.request (C:\Users\ijocr\Documents\B2B_supplier_portal\B2B-supplier-backend\node_modules\@prisma\client\runtime\library.js:123:5896)
    at async l (C:\Users\ijocr\Documents\B2B_supplier_portal\B2B-supplier-backend\node_modules\@prisma\client\runtime\library.js:128:10871)
    at async exports.getStats (C:\Users\ijocr\Documents\B2B_supplier_portal\B2B-supplier-backend\src\controllers\dashboard.controller.js:60:45)\n
Invalid `prisma.supplier.findMany()` invocation in
C:\Users\ijocr\Documents\B2B_supplier_portal\B2B-supplier-backend\src\controllers\dashboard.controller.js:60:67

  57   })
  58 ]);
  59 
→ 60 const supplierBreakdown = !isSupplier ? await prisma.supplier.findMany(
Unknown nested field 'purchaseOrders' for operation findManySupplier does not match any query.\n{"name":"PrismaClientUnknownRequestError","clientVersion":"5.10.0"}\n\n2026-07-20T07:51:55.785Z\nPrismaClientUnknownRequestError: 
Invalid `prisma.supplier.findMany()` invocation in
C:\Users\ijocr\Documents\B2B_supplier_portal\B2B-supplier-backend\src\controllers\dashboard.controller.js:60:67

  57   })
  58 ]);
  59 
→ 60 const supplierBreakdown = !isSupplier ? await prisma.supplier.findMany(
Unknown nested field 'purchaseOrders' for operation findManySupplier does not match any query.
    at In.handleRequestError (C:\Users\ijocr\Documents\B2B_supplier_portal\B2B-supplier-backend\node_modules\@prisma\client\runtime\library.js:123:7044)
    at In.handleAndLogRequestError (C:\Users\ijocr\Documents\B2B_supplier_portal\B2B-supplier-backend\node_modules\@prisma\client\runtime\library.js:123:6188)
    at In.request (C:\Users\ijocr\Documents\B2B_supplier_portal\B2B-supplier-backend\node_modules\@prisma\client\runtime\library.js:123:5896)
    at async l (C:\Users\ijocr\Documents\B2B_supplier_portal\B2B-supplier-backend\node_modules\@prisma\client\runtime\library.js:128:10871)
    at async exports.getStats (C:\Users\ijocr\Documents\B2B_supplier_portal\B2B-supplier-backend\src\controllers\dashboard.controller.js:60:45)\n
Invalid `prisma.supplier.findMany()` invocation in
C:\Users\ijocr\Documents\B2B_supplier_portal\B2B-supplier-backend\src\controllers\dashboard.controller.js:60:67

  57   })
  58 ]);
  59 
→ 60 const supplierBreakdown = !isSupplier ? await prisma.supplier.findMany(
Unknown nested field 'purchaseOrders' for operation findManySupplier does not match any query.\n{"name":"PrismaClientUnknownRequestError","clientVersion":"5.10.0"}\n\n2026-07-20T07:52:02.019Z\nPrismaClientUnknownRequestError: 
Invalid `prisma.supplier.findMany()` invocation in
C:\Users\ijocr\Documents\B2B_supplier_portal\B2B-supplier-backend\src\controllers\dashboard.controller.js:60:67

  57   })
  58 ]);
  59 
→ 60 const supplierBreakdown = !isSupplier ? await prisma.supplier.findMany(
Unknown nested field 'purchaseOrders' for operation findManySupplier does not match any query.
    at In.handleRequestError (C:\Users\ijocr\Documents\B2B_supplier_portal\B2B-supplier-backend\node_modules\@prisma\client\runtime\library.js:123:7044)
    at In.handleAndLogRequestError (C:\Users\ijocr\Documents\B2B_supplier_portal\B2B-supplier-backend\node_modules\@prisma\client\runtime\library.js:123:6188)
    at In.request (C:\Users\ijocr\Documents\B2B_supplier_portal\B2B-supplier-backend\node_modules\@prisma\client\runtime\library.js:123:5896)
    at async l (C:\Users\ijocr\Documents\B2B_supplier_portal\B2B-supplier-backend\node_modules\@prisma\client\runtime\library.js:128:10871)
    at async exports.getStats (C:\Users\ijocr\Documents\B2B_supplier_portal\B2B-supplier-backend\src\controllers\dashboard.controller.js:60:45)\n
Invalid `prisma.supplier.findMany()` invocation in
C:\Users\ijocr\Documents\B2B_supplier_portal\B2B-supplier-backend\src\controllers\dashboard.controller.js:60:67

  57   })
  58 ]);
  59 
→ 60 const supplierBreakdown = !isSupplier ? await prisma.supplier.findMany(
Unknown nested field 'purchaseOrders' for operation findManySupplier does not match any query.\n{"name":"PrismaClientUnknownRequestError","clientVersion":"5.10.0"}\n\n2026-07-20T07:52:02.084Z\nPrismaClientUnknownRequestError: 
Invalid `prisma.supplier.findMany()` invocation in
C:\Users\ijocr\Documents\B2B_supplier_portal\B2B-supplier-backend\src\controllers\dashboard.controller.js:60:67

  57   })
  58 ]);
  59 
→ 60 const supplierBreakdown = !isSupplier ? await prisma.supplier.findMany(
Unknown nested field 'purchaseOrders' for operation findManySupplier does not match any query.
    at In.handleRequestError (C:\Users\ijocr\Documents\B2B_supplier_portal\B2B-supplier-backend\node_modules\@prisma\client\runtime\library.js:123:7044)
    at In.handleAndLogRequestError (C:\Users\ijocr\Documents\B2B_supplier_portal\B2B-supplier-backend\node_modules\@prisma\client\runtime\library.js:123:6188)
    at In.request (C:\Users\ijocr\Documents\B2B_supplier_portal\B2B-supplier-backend\node_modules\@prisma\client\runtime\library.js:123:5896)
    at async l (C:\Users\ijocr\Documents\B2B_supplier_portal\B2B-supplier-backend\node_modules\@prisma\client\runtime\library.js:128:10871)
    at async exports.getStats (C:\Users\ijocr\Documents\B2B_supplier_portal\B2B-supplier-backend\src\controllers\dashboard.controller.js:60:45)\n
Invalid `prisma.supplier.findMany()` invocation in
C:\Users\ijocr\Documents\B2B_supplier_portal\B2B-supplier-backend\src\controllers\dashboard.controller.js:60:67

  57   })
  58 ]);
  59 
→ 60 const supplierBreakdown = !isSupplier ? await prisma.supplier.findMany(
Unknown nested field 'purchaseOrders' for operation findManySupplier does not match any query.\n{"name":"PrismaClientUnknownRequestError","clientVersion":"5.10.0"}\n\n2026-07-20T07:52:11.787Z\nPrismaClientUnknownRequestError: 
Invalid `prisma.supplier.findMany()` invocation in
C:\Users\ijocr\Documents\B2B_supplier_portal\B2B-supplier-backend\src\controllers\dashboard.controller.js:60:67

  57   })
  58 ]);
  59 
→ 60 const supplierBreakdown = !isSupplier ? await prisma.supplier.findMany(
Unknown nested field 'purchaseOrders' for operation findManySupplier does not match any query.
    at In.handleRequestError (C:\Users\ijocr\Documents\B2B_supplier_portal\B2B-supplier-backend\node_modules\@prisma\client\runtime\library.js:123:7044)
    at In.handleAndLogRequestError (C:\Users\ijocr\Documents\B2B_supplier_portal\B2B-supplier-backend\node_modules\@prisma\client\runtime\library.js:123:6188)
    at In.request (C:\Users\ijocr\Documents\B2B_supplier_portal\B2B-supplier-backend\node_modules\@prisma\client\runtime\library.js:123:5896)
    at async l (C:\Users\ijocr\Documents\B2B_supplier_portal\B2B-supplier-backend\node_modules\@prisma\client\runtime\library.js:128:10871)
    at async exports.getStats (C:\Users\ijocr\Documents\B2B_supplier_portal\B2B-supplier-backend\src\controllers\dashboard.controller.js:60:45)\n
Invalid `prisma.supplier.findMany()` invocation in
C:\Users\ijocr\Documents\B2B_supplier_portal\B2B-supplier-backend\src\controllers\dashboard.controller.js:60:67

  57   })
  58 ]);
  59 
→ 60 const supplierBreakdown = !isSupplier ? await prisma.supplier.findMany(
Unknown nested field 'purchaseOrders' for operation findManySupplier does not match any query.\n{"name":"PrismaClientUnknownRequestError","clientVersion":"5.10.0"}\n\n2026-07-20T07:52:11.826Z\nPrismaClientUnknownRequestError: 
Invalid `prisma.supplier.findMany()` invocation in
C:\Users\ijocr\Documents\B2B_supplier_portal\B2B-supplier-backend\src\controllers\dashboard.controller.js:60:67

  57   })
  58 ]);
  59 
→ 60 const supplierBreakdown = !isSupplier ? await prisma.supplier.findMany(
Unknown nested field 'purchaseOrders' for operation findManySupplier does not match any query.
    at In.handleRequestError (C:\Users\ijocr\Documents\B2B_supplier_portal\B2B-supplier-backend\node_modules\@prisma\client\runtime\library.js:123:7044)
    at In.handleAndLogRequestError (C:\Users\ijocr\Documents\B2B_supplier_portal\B2B-supplier-backend\node_modules\@prisma\client\runtime\library.js:123:6188)
    at In.request (C:\Users\ijocr\Documents\B2B_supplier_portal\B2B-supplier-backend\node_modules\@prisma\client\runtime\library.js:123:5896)
    at async l (C:\Users\ijocr\Documents\B2B_supplier_portal\B2B-supplier-backend\node_modules\@prisma\client\runtime\library.js:128:10871)
    at async exports.getStats (C:\Users\ijocr\Documents\B2B_supplier_portal\B2B-supplier-backend\src\controllers\dashboard.controller.js:60:45)\n
Invalid `prisma.supplier.findMany()` invocation in
C:\Users\ijocr\Documents\B2B_supplier_portal\B2B-supplier-backend\src\controllers\dashboard.controller.js:60:67

  57   })
  58 ]);
  59 
→ 60 const supplierBreakdown = !isSupplier ? await prisma.supplier.findMany(
Unknown nested field 'purchaseOrders' for operation findManySupplier does not match any query.\n{"name":"PrismaClientUnknownRequestError","clientVersion":"5.10.0"}\n\n2026-07-20T07:52:33.773Z\nPrismaClientUnknownRequestError: 
Invalid `prisma.supplier.findMany()` invocation in
C:\Users\ijocr\Documents\B2B_supplier_portal\B2B-supplier-backend\src\controllers\dashboard.controller.js:60:67

  57   })
  58 ]);
  59 
→ 60 const supplierBreakdown = !isSupplier ? await prisma.supplier.findMany(
Unknown nested field 'purchaseOrders' for operation findManySupplier does not match any query.
    at In.handleRequestError (C:\Users\ijocr\Documents\B2B_supplier_portal\B2B-supplier-backend\node_modules\@prisma\client\runtime\library.js:123:7044)
    at In.handleAndLogRequestError (C:\Users\ijocr\Documents\B2B_supplier_portal\B2B-supplier-backend\node_modules\@prisma\client\runtime\library.js:123:6188)
    at In.request (C:\Users\ijocr\Documents\B2B_supplier_portal\B2B-supplier-backend\node_modules\@prisma\client\runtime\library.js:123:5896)
    at async l (C:\Users\ijocr\Documents\B2B_supplier_portal\B2B-supplier-backend\node_modules\@prisma\client\runtime\library.js:128:10871)
    at async exports.getStats (C:\Users\ijocr\Documents\B2B_supplier_portal\B2B-supplier-backend\src\controllers\dashboard.controller.js:60:45)\n
Invalid `prisma.supplier.findMany()` invocation in
C:\Users\ijocr\Documents\B2B_supplier_portal\B2B-supplier-backend\src\controllers\dashboard.controller.js:60:67

  57   })
  58 ]);
  59 
→ 60 const supplierBreakdown = !isSupplier ? await prisma.supplier.findMany(
Unknown nested field 'purchaseOrders' for operation findManySupplier does not match any query.\n{"name":"PrismaClientUnknownRequestError","clientVersion":"5.10.0"}\n\n2026-07-20T07:53:12.385Z\nPrismaClientUnknownRequestError: 
Invalid `prisma.supplier.findMany()` invocation in
C:\Users\ijocr\Documents\B2B_supplier_portal\B2B-supplier-backend\src\controllers\dashboard.controller.js:60:67

  57   })
  58 ]);
  59 
→ 60 const supplierBreakdown = !isSupplier ? await prisma.supplier.findMany(
Unknown nested field 'purchaseOrders' for operation findManySupplier does not match any query.
    at In.handleRequestError (C:\Users\ijocr\Documents\B2B_supplier_portal\B2B-supplier-backend\node_modules\@prisma\client\runtime\library.js:123:7044)
    at In.handleAndLogRequestError (C:\Users\ijocr\Documents\B2B_supplier_portal\B2B-supplier-backend\node_modules\@prisma\client\runtime\library.js:123:6188)
    at In.request (C:\Users\ijocr\Documents\B2B_supplier_portal\B2B-supplier-backend\node_modules\@prisma\client\runtime\library.js:123:5896)
    at async l (C:\Users\ijocr\Documents\B2B_supplier_portal\B2B-supplier-backend\node_modules\@prisma\client\runtime\library.js:128:10871)
    at async exports.getStats (C:\Users\ijocr\Documents\B2B_supplier_portal\B2B-supplier-backend\src\controllers\dashboard.controller.js:60:45)\n
Invalid `prisma.supplier.findMany()` invocation in
C:\Users\ijocr\Documents\B2B_supplier_portal\B2B-supplier-backend\src\controllers\dashboard.controller.js:60:67

  57   })
  58 ]);
  59 
→ 60 const supplierBreakdown = !isSupplier ? await prisma.supplier.findMany(
Unknown nested field 'purchaseOrders' for operation findManySupplier does not match any query.\n{"name":"PrismaClientUnknownRequestError","clientVersion":"5.10.0"}\n\n2026-07-20T07:53:12.422Z\nPrismaClientUnknownRequestError: 
Invalid `prisma.supplier.findMany()` invocation in
C:\Users\ijocr\Documents\B2B_supplier_portal\B2B-supplier-backend\src\controllers\dashboard.controller.js:60:67

  57   })
  58 ]);
  59 
→ 60 const supplierBreakdown = !isSupplier ? await prisma.supplier.findMany(
Unknown nested field 'purchaseOrders' for operation findManySupplier does not match any query.
    at In.handleRequestError (C:\Users\ijocr\Documents\B2B_supplier_portal\B2B-supplier-backend\node_modules\@prisma\client\runtime\library.js:123:7044)
    at In.handleAndLogRequestError (C:\Users\ijocr\Documents\B2B_supplier_portal\B2B-supplier-backend\node_modules\@prisma\client\runtime\library.js:123:6188)
    at In.request (C:\Users\ijocr\Documents\B2B_supplier_portal\B2B-supplier-backend\node_modules\@prisma\client\runtime\library.js:123:5896)
    at async l (C:\Users\ijocr\Documents\B2B_supplier_portal\B2B-supplier-backend\node_modules\@prisma\client\runtime\library.js:128:10871)
    at async exports.getStats (C:\Users\ijocr\Documents\B2B_supplier_portal\B2B-supplier-backend\src\controllers\dashboard.controller.js:60:45)\n
Invalid `prisma.supplier.findMany()` invocation in
C:\Users\ijocr\Documents\B2B_supplier_portal\B2B-supplier-backend\src\controllers\dashboard.controller.js:60:67

  57   })
  58 ]);
  59 
→ 60 const supplierBreakdown = !isSupplier ? await prisma.supplier.findMany(
Unknown nested field 'purchaseOrders' for operation findManySupplier does not match any query.\n{"name":"PrismaClientUnknownRequestError","clientVersion":"5.10.0"}\n\n2026-08-11T15:02:24.358Z\nPrismaClientInitializationError: 
Invalid `prisma.user.findUnique()` invocation in
C:\Users\ijocr\Documents\B2B_supplier_portal\B2B-supplier-backend\src\controllers\auth.controller.js:23:36

  20   return res.status(400).json({ success: false, message: 'Please provide an email and password' });
  21 }
  22 
→ 23 const user = await prisma.user.findUnique(
Can't reach database server at `localhost`:`3306`

Please make sure your database server is running at `localhost`:`3306`.
    at In.handleRequestError (C:\Users\ijocr\Documents\B2B_supplier_portal\B2B-supplier-backend\node_modules\@prisma\client\runtime\library.js:123:7154)
    at In.handleAndLogRequestError (C:\Users\ijocr\Documents\B2B_supplier_portal\B2B-supplier-backend\node_modules\@prisma\client\runtime\library.js:123:6188)
    at In.request (C:\Users\ijocr\Documents\B2B_supplier_portal\B2B-supplier-backend\node_modules\@prisma\client\runtime\library.js:123:5896)
    at async l (C:\Users\ijocr\Documents\B2B_supplier_portal\B2B-supplier-backend\node_modules\@prisma\client\runtime\library.js:128:10871)
    at async exports.login (C:\Users\ijocr\Documents\B2B_supplier_portal\B2B-supplier-backend\src\controllers\auth.controller.js:23:18)\n
Invalid `prisma.user.findUnique()` invocation in
C:\Users\ijocr\Documents\B2B_supplier_portal\B2B-supplier-backend\src\controllers\auth.controller.js:23:36

  20   return res.status(400).json({ success: false, message: 'Please provide an email and password' });
  21 }
  22 
→ 23 const user = await prisma.user.findUnique(
Can't reach database server at `localhost`:`3306`

Please make sure your database server is running at `localhost`:`3306`.\n{"name":"PrismaClientInitializationError","clientVersion":"5.10.0"}\n\n2026-08-11T15:02:52.466Z\nPrismaClientInitializationError: 
Invalid `prisma.user.findUnique()` invocation in
C:\Users\ijocr\Documents\B2B_supplier_portal\B2B-supplier-backend\src\controllers\auth.controller.js:23:36

  20   return res.status(400).json({ success: false, message: 'Please provide an email and password' });
  21 }
  22 
→ 23 const user = await prisma.user.findUnique(
Can't reach database server at `localhost`:`3306`

Please make sure your database server is running at `localhost`:`3306`.
    at In.handleRequestError (C:\Users\ijocr\Documents\B2B_supplier_portal\B2B-supplier-backend\node_modules\@prisma\client\runtime\library.js:123:7154)
    at In.handleAndLogRequestError (C:\Users\ijocr\Documents\B2B_supplier_portal\B2B-supplier-backend\node_modules\@prisma\client\runtime\library.js:123:6188)
    at In.request (C:\Users\ijocr\Documents\B2B_supplier_portal\B2B-supplier-backend\node_modules\@prisma\client\runtime\library.js:123:5896)
    at async l (C:\Users\ijocr\Documents\B2B_supplier_portal\B2B-supplier-backend\node_modules\@prisma\client\runtime\library.js:128:10871)
    at async exports.login (C:\Users\ijocr\Documents\B2B_supplier_portal\B2B-supplier-backend\src\controllers\auth.controller.js:23:18)\n
Invalid `prisma.user.findUnique()` invocation in
C:\Users\ijocr\Documents\B2B_supplier_portal\B2B-supplier-backend\src\controllers\auth.controller.js:23:36

  20   return res.status(400).json({ success: false, message: 'Please provide an email and password' });
  21 }
  22 
→ 23 const user = await prisma.user.findUnique(
Can't reach database server at `localhost`:`3306`

Please make sure your database server is running at `localhost`:`3306`.\n{"name":"PrismaClientInitializationError","clientVersion":"5.10.0"}\n\n2026-08-11T15:12:28.813Z\nPrismaClientValidationError: 
Invalid `prisma.user.update()` invocation in
C:\Users\ijocr\Documents\B2B_supplier_portal\B2B-supplier-backend\src\controllers\auth.controller.js:154:23

  151 const currentIp = req.headers['x-forwarded-for'] || req.socket.remoteAddress;
  152 const token = generateToken(user.id, user.role.name, user.supplier_id, user.password);
  153 
→ 154 await prisma.user.update({
        where: {
          id: 4
        },
        data: {
          last_login_ip: "::1",
          ~~~~~~~~~~~~~
          reset_otp: null,
          reset_otp_expires_at: null,
      ?   first_name?: String | StringFieldUpdateOperationsInput,
      ?   last_name?: String | StringFieldUpdateOperationsInput,
      ?   email?: String | StringFieldUpdateOperationsInput,
      ?   password?: String | StringFieldUpdateOperationsInput,
      ?   phone?: String | NullableStringFieldUpdateOperationsInput | Null,
      ?   status?: String | StringFieldUpdateOperationsInput,
      ?   fcm_token?: String | NullableStringFieldUpdateOperationsInput | Null,
      ?   created_at?: DateTime | DateTimeFieldUpdateOperationsInput,
      ?   updated_at?: DateTime | DateTimeFieldUpdateOperationsInput,
      ?   deleted_at?: DateTime | NullableDateTimeFieldUpdateOperationsInput | Null,
      ?   role?: RoleUpdateOneRequiredWithoutUsersNestedInput,
      ?   supplier?: SupplierUpdateOneWithoutUsersNestedInput,
      ?   messages_sent?: MessageUpdateManyWithoutSenderNestedInput,
      ?   messages_received?: MessageUpdateManyWithoutReceiverNestedInput,
      ?   notifications?: NotificationUpdateManyWithoutUserNestedInput,
      ?   activity_logs?: ActivityLogUpdateManyWithoutUserNestedInput,
      ?   user_sessions?: UserSessionUpdateManyWithoutUserNestedInput
        }
      })

Unknown argument `last_login_ip`. Available options are marked with ?.
    at Tn (C:\Users\ijocr\Documents\B2B_supplier_portal\B2B-supplier-backend\node_modules\@prisma\client\runtime\library.js:116:5888)
    at In.handleRequestError (C:\Users\ijocr\Documents\B2B_supplier_portal\B2B-supplier-backend\node_modules\@prisma\client\runtime\library.js:123:6510)
    at In.handleAndLogRequestError (C:\Users\ijocr\Documents\B2B_supplier_portal\B2B-supplier-backend\node_modules\@prisma\client\runtime\library.js:123:6188)
    at In.request (C:\Users\ijocr\Documents\B2B_supplier_portal\B2B-supplier-backend\node_modules\@prisma\client\runtime\library.js:123:5896)
    at async l (C:\Users\ijocr\Documents\B2B_supplier_portal\B2B-supplier-backend\node_modules\@prisma\client\runtime\library.js:128:10871)
    at async exports.verifyLoginOtp (C:\Users\ijocr\Documents\B2B_supplier_portal\B2B-supplier-backend\src\controllers\auth.controller.js:154:5)\n
Invalid `prisma.user.update()` invocation in
C:\Users\ijocr\Documents\B2B_supplier_portal\B2B-supplier-backend\src\controllers\auth.controller.js:154:23

  151 const currentIp = req.headers['x-forwarded-for'] || req.socket.remoteAddress;
  152 const token = generateToken(user.id, user.role.name, user.supplier_id, user.password);
  153 
→ 154 await prisma.user.update({
        where: {
          id: 4
        },
        data: {
          last_login_ip: "::1",
          ~~~~~~~~~~~~~
          reset_otp: null,
          reset_otp_expires_at: null,
      ?   first_name?: String | StringFieldUpdateOperationsInput,
      ?   last_name?: String | StringFieldUpdateOperationsInput,
      ?   email?: String | StringFieldUpdateOperationsInput,
      ?   password?: String | StringFieldUpdateOperationsInput,
      ?   phone?: String | NullableStringFieldUpdateOperationsInput | Null,
      ?   status?: String | StringFieldUpdateOperationsInput,
      ?   fcm_token?: String | NullableStringFieldUpdateOperationsInput | Null,
      ?   created_at?: DateTime | DateTimeFieldUpdateOperationsInput,
      ?   updated_at?: DateTime | DateTimeFieldUpdateOperationsInput,
      ?   deleted_at?: DateTime | NullableDateTimeFieldUpdateOperationsInput | Null,
      ?   role?: RoleUpdateOneRequiredWithoutUsersNestedInput,
      ?   supplier?: SupplierUpdateOneWithoutUsersNestedInput,
      ?   messages_sent?: MessageUpdateManyWithoutSenderNestedInput,
      ?   messages_received?: MessageUpdateManyWithoutReceiverNestedInput,
      ?   notifications?: NotificationUpdateManyWithoutUserNestedInput,
      ?   activity_logs?: ActivityLogUpdateManyWithoutUserNestedInput,
      ?   user_sessions?: UserSessionUpdateManyWithoutUserNestedInput
        }
      })

Unknown argument `last_login_ip`. Available options are marked with ?.\n{"name":"PrismaClientValidationError","clientVersion":"5.10.0"}\n\n2026-08-11T15:13:27.393Z\nPrismaClientValidationError: 
Invalid `prisma.user.update()` invocation in
C:\Users\ijocr\Documents\B2B_supplier_portal\B2B-supplier-backend\src\controllers\auth.controller.js:154:23

  151 const currentIp = req.headers['x-forwarded-for'] || req.socket.remoteAddress;
  152 const token = generateToken(user.id, user.role.name, user.supplier_id, user.password);
  153 
→ 154 await prisma.user.update({
        where: {
          id: 4
        },
        data: {
          last_login_ip: "::1",
          ~~~~~~~~~~~~~
          reset_otp: null,
          reset_otp_expires_at: null,
      ?   first_name?: String | StringFieldUpdateOperationsInput,
      ?   last_name?: String | StringFieldUpdateOperationsInput,
      ?   email?: String | StringFieldUpdateOperationsInput,
      ?   password?: String | StringFieldUpdateOperationsInput,
      ?   phone?: String | NullableStringFieldUpdateOperationsInput | Null,
      ?   status?: String | StringFieldUpdateOperationsInput,
      ?   fcm_token?: String | NullableStringFieldUpdateOperationsInput | Null,
      ?   created_at?: DateTime | DateTimeFieldUpdateOperationsInput,
      ?   updated_at?: DateTime | DateTimeFieldUpdateOperationsInput,
      ?   deleted_at?: DateTime | NullableDateTimeFieldUpdateOperationsInput | Null,
      ?   role?: RoleUpdateOneRequiredWithoutUsersNestedInput,
      ?   supplier?: SupplierUpdateOneWithoutUsersNestedInput,
      ?   messages_sent?: MessageUpdateManyWithoutSenderNestedInput,
      ?   messages_received?: MessageUpdateManyWithoutReceiverNestedInput,
      ?   notifications?: NotificationUpdateManyWithoutUserNestedInput,
      ?   activity_logs?: ActivityLogUpdateManyWithoutUserNestedInput,
      ?   user_sessions?: UserSessionUpdateManyWithoutUserNestedInput
        }
      })

Unknown argument `last_login_ip`. Available options are marked with ?.
    at Tn (C:\Users\ijocr\Documents\B2B_supplier_portal\B2B-supplier-backend\node_modules\@prisma\client\runtime\library.js:116:5888)
    at In.handleRequestError (C:\Users\ijocr\Documents\B2B_supplier_portal\B2B-supplier-backend\node_modules\@prisma\client\runtime\library.js:123:6510)
    at In.handleAndLogRequestError (C:\Users\ijocr\Documents\B2B_supplier_portal\B2B-supplier-backend\node_modules\@prisma\client\runtime\library.js:123:6188)
    at In.request (C:\Users\ijocr\Documents\B2B_supplier_portal\B2B-supplier-backend\node_modules\@prisma\client\runtime\library.js:123:5896)
    at async l (C:\Users\ijocr\Documents\B2B_supplier_portal\B2B-supplier-backend\node_modules\@prisma\client\runtime\library.js:128:10871)
    at async exports.verifyLoginOtp (C:\Users\ijocr\Documents\B2B_supplier_portal\B2B-supplier-backend\src\controllers\auth.controller.js:154:5)\n
Invalid `prisma.user.update()` invocation in
C:\Users\ijocr\Documents\B2B_supplier_portal\B2B-supplier-backend\src\controllers\auth.controller.js:154:23

  151 const currentIp = req.headers['x-forwarded-for'] || req.socket.remoteAddress;
  152 const token = generateToken(user.id, user.role.name, user.supplier_id, user.password);
  153 
→ 154 await prisma.user.update({
        where: {
          id: 4
        },
        data: {
          last_login_ip: "::1",
          ~~~~~~~~~~~~~
          reset_otp: null,
          reset_otp_expires_at: null,
      ?   first_name?: String | StringFieldUpdateOperationsInput,
      ?   last_name?: String | StringFieldUpdateOperationsInput,
      ?   email?: String | StringFieldUpdateOperationsInput,
      ?   password?: String | StringFieldUpdateOperationsInput,
      ?   phone?: String | NullableStringFieldUpdateOperationsInput | Null,
      ?   status?: String | StringFieldUpdateOperationsInput,
      ?   fcm_token?: String | NullableStringFieldUpdateOperationsInput | Null,
      ?   created_at?: DateTime | DateTimeFieldUpdateOperationsInput,
      ?   updated_at?: DateTime | DateTimeFieldUpdateOperationsInput,
      ?   deleted_at?: DateTime | NullableDateTimeFieldUpdateOperationsInput | Null,
      ?   role?: RoleUpdateOneRequiredWithoutUsersNestedInput,
      ?   supplier?: SupplierUpdateOneWithoutUsersNestedInput,
      ?   messages_sent?: MessageUpdateManyWithoutSenderNestedInput,
      ?   messages_received?: MessageUpdateManyWithoutReceiverNestedInput,
      ?   notifications?: NotificationUpdateManyWithoutUserNestedInput,
      ?   activity_logs?: ActivityLogUpdateManyWithoutUserNestedInput,
      ?   user_sessions?: UserSessionUpdateManyWithoutUserNestedInput
        }
      })

Unknown argument `last_login_ip`. Available options are marked with ?.\n{"name":"PrismaClientValidationError","clientVersion":"5.10.0"}\n\n2026-08-11T15:44:47.927Z\nPayloadTooLargeError: request entity too large
    at readStream (C:\Users\ijocr\Documents\B2B_supplier_portal\B2B-supplier-backend\node_modules\raw-body\index.js:163:17)
    at getRawBody (C:\Users\ijocr\Documents\B2B_supplier_portal\B2B-supplier-backend\node_modules\raw-body\index.js:116:12)
    at read (C:\Users\ijocr\Documents\B2B_supplier_portal\B2B-supplier-backend\node_modules\body-parser\lib\read.js:113:3)
    at jsonParser (C:\Users\ijocr\Documents\B2B_supplier_portal\B2B-supplier-backend\node_modules\body-parser\lib\types\json.js:60:5)
    at Layer.handleRequest (C:\Users\ijocr\Documents\B2B_supplier_portal\B2B-supplier-backend\node_modules\router\lib\layer.js:152:17)
    at trimPrefix (C:\Users\ijocr\Documents\B2B_supplier_portal\B2B-supplier-backend\node_modules\router\index.js:342:13)
    at C:\Users\ijocr\Documents\B2B_supplier_portal\B2B-supplier-backend\node_modules\router\index.js:297:9
    at processParams (C:\Users\ijocr\Documents\B2B_supplier_portal\B2B-supplier-backend\node_modules\router\index.js:582:12)
    at next (C:\Users\ijocr\Documents\B2B_supplier_portal\B2B-supplier-backend\node_modules\router\index.js:291:5)
    at router.handle (C:\Users\ijocr\Documents\B2B_supplier_portal\B2B-supplier-backend\node_modules\router\index.js:186:3)\nrequest entity too large\n{"message":"request entity too large","expected":128582,"length":128582,"limit":102400,"type":"entity.too.large"}\n\n